{
  "version": "1.5.0",
  "plugins_used": [
    {
      "name": "ArtifactoryDetector"
    },
    {
      "name": "AWSKeyDetector"
    },
    {
      "name": "AzureStorageKeyDetector"
    },
    {
      "name": "Base64HighEntropyString",
      "limit": 4.5
    },
    {
      "name": "BasicAuthDetector"
    },
    {
      "name": "CloudantDetector"
    },
    {
      "name": "DiscordBotTokenDetector"
    },
    {
      "name": "GitHubTokenDetector"
    },
    {
      "name": "GitLabTokenDetector"
    },
    {
      "name": "HexHighEntropyString",
      "limit": 3.0
    },
    {
      "name": "IbmCloudIamDetector"
    },
    {
      "name": "IbmCosHmacDetector"
    },
    {
      "name": "IPPublicDetector"
    },
    {
      "name": "JwtTokenDetector"
    },
    {
      "name": "KeywordDetector",
      "keyword_exclude": ""
    },
    {
      "name": "MailchimpDetector"
    },
    {
      "name": "NpmDetector"
    },
    {
      "name": "OpenAIDetector"
    },
    {
      "name": "PrivateKeyDetector"
    },
    {
      "name": "PypiTokenDetector"
    },
    {
      "name": "SendGridDetector"
    },
    {
      "name": "SlackDetector"
    },
    {
      "name": "SoftlayerDetector"
    },
    {
      "name": "SquareOAuthDetector"
    },
    {
      "name": "StripeDetector"
    },
    {
      "name": "TelegramBotTokenDetector"
    },
    {
      "name": "TwilioKeyDetector"
    }
  ],
  "filters_used": [
    {
      "path": "detect_secrets.filters.allowlist.is_line_allowlisted"
    },
    {
      "path": "detect_secrets.filters.common.is_baseline_file",
      "filename": ".secrets.baseline"
    },
    {
      "path": "detect_secrets.filters.common.is_ignored_due_to_verification_policies",
      "min_level": 2
    },
    {
      "path": "detect_secrets.filters.heuristic.is_indirect_reference"
    },
    {
      "path": "detect_secrets.filters.heuristic.is_likely_id_string"
    },
    {
      "path": "detect_secrets.filters.heuristic.is_lock_file"
    },
    {
      "path": "detect_secrets.filters.heuristic.is_not_alphanumeric_string"
    },
    {
      "path": "detect_secrets.filters.heuristic.is_potential_uuid"
    },
    {
      "path": "detect_secrets.filters.heuristic.is_prefixed_with_dollar_sign"
    },
    {
      "path": "detect_secrets.filters.heuristic.is_sequential_string"
    },
    {
      "path": "detect_secrets.filters.heuristic.is_swagger_file"
    },
    {
      "path": "detect_secrets.filters.heuristic.is_templated_secret"
    },
    {
      "path": "detect_secrets.filters.regex.should_exclude_file",
      "pattern": [
        "skill\\.zip",
        "reference/python/src/server/frontend/dist/"
      ]
    }
  ],
  "results": {
    "README.md": [
      {
        "type": "Secret Keyword",
        "filename": "README.md",
        "hashed_secret": "96c682c88ed551f22fe76d206c2dfb7df9221ad9",
        "is_verified": false,
        "line_number": 171
      },
      {
        "type": "Secret Keyword",
        "filename": "README.md",
        "hashed_secret": "8ed4322e8e2790b8c928d381ce8d07cfd966e909",
        "is_verified": false,
        "line_number": 175
      },
      {
        "type": "Secret Keyword",
        "filename": "README.md",
        "hashed_secret": "ec3810e10fb78db55ce38b9c18d1c3eb1db739e0",
        "is_verified": false,
        "line_number": 179
      }
    ],
    "README_NERD.md": [
      {
        "type": "Secret Keyword",
        "filename": "README_NERD.md",
        "hashed_secret": "96c682c88ed551f22fe76d206c2dfb7df9221ad9",
        "is_verified": false,
        "line_number": 844
      },
      {
        "type": "Secret Keyword",
        "filename": "README_NERD.md",
        "hashed_secret": "8ed4322e8e2790b8c928d381ce8d07cfd966e909",
        "is_verified": false,
        "line_number": 848
      },
      {
        "type": "Secret Keyword",
        "filename": "README_NERD.md",
        "hashed_secret": "ec3810e10fb78db55ce38b9c18d1c3eb1db739e0",
        "is_verified": false,
        "line_number": 852
      }
    ],
    "conformance/fixtures/valid/l5-enterprise.yaml": [
      {
        "type": "Secret Keyword",
        "filename": "conformance/fixtures/valid/l5-enterprise.yaml",
        "hashed_secret": "920f8f5815b381ea692e9e7c2f7119f2b1aa620a",
        "is_verified": false,
        "line_number": 79
      }
    ],
    "docs/data-importer.md": [
      {
        "type": "Basic Auth Credentials",
        "filename": "docs/data-importer.md",
        "hashed_secret": "9d4e1e23bd5b727046a9e3b4b7db57bd8d6ee684",
        "is_verified": false,
        "line_number": 71
      },
      {
        "type": "Secret Keyword",
        "filename": "docs/data-importer.md",
        "hashed_secret": "de775fd23741c07f9c0446dbe4b4f6f17ae112ff",
        "is_verified": false,
        "line_number": 110
      },
      {
        "type": "Secret Keyword",
        "filename": "docs/data-importer.md",
        "hashed_secret": "32ea26c91559b8a553b13494e008d8968ce83496",
        "is_verified": false,
        "line_number": 428
      }
    ],
    "docs/runtime.md": [
      {
        "type": "Secret Keyword",
        "filename": "docs/runtime.md",
        "hashed_secret": "ec3810e10fb78db55ce38b9c18d1c3eb1db739e0",
        "is_verified": false,
        "line_number": 193
      }
    ],
    "docs/security.md": [
      {
        "type": "Secret Keyword",
        "filename": "docs/security.md",
        "hashed_secret": "995599ddf2e9b093f8f14b77d71f014004966c1e",
        "is_verified": false,
        "line_number": 183
      },
      {
        "type": "Secret Keyword",
        "filename": "docs/security.md",
        "hashed_secret": "2a095b4273ac0ff6894b6df42d67203aa1e5f25d",
        "is_verified": false,
        "line_number": 196
      }
    ],
    "docs/tools.md": [
      {
        "type": "Secret Keyword",
        "filename": "docs/tools.md",
        "hashed_secret": "cba7d8d926ee837cf3f92636a6d1cd0eb397db64",
        "is_verified": false,
        "line_number": 182
      }
    ],
    "examples/README.md": [
      {
        "type": "Secret Keyword",
        "filename": "examples/README.md",
        "hashed_secret": "3e09ec74018281b103a10ed533d705ffd65b84d9",
        "is_verified": false,
        "line_number": 44
      },
      {
        "type": "Secret Keyword",
        "filename": "examples/README.md",
        "hashed_secret": "a8253456364f1bfc7da7ae4a1db5b45d106317a5",
        "is_verified": false,
        "line_number": 119
      }
    ],
    "examples/jupyter/financial_data_science.ipynb": [
      {
        "type": "Secret Keyword",
        "filename": "examples/jupyter/financial_data_science.ipynb",
        "hashed_secret": "6d9c68c603e465077bdd49c62347fe54717f83a3",
        "is_verified": false,
        "line_number": 227
      }
    ],
    "examples/jupyter/playground.ipynb": [
      {
        "type": "Base64 High Entropy String",
        "filename": "examples/jupyter/playground.ipynb",
        "hashed_secret": "c67b55d31bc32bdd2350fb1dca3b607092ff2803",
        "is_verified": false,
        "line_number": 634
      },
      {
        "type": "Base64 High Entropy String",
        "filename": "examples/jupyter/playground.ipynb",
        "hashed_secret": "352c30c50ce75a20cb1b2b55a52fd9d3d4189818",
        "is_verified": false,
        "line_number": 671
      },
      {
        "type": "Base64 High Entropy String",
        "filename": "examples/jupyter/playground.ipynb",
        "hashed_secret": "297a418f3dab038eac81be799d188c5685897125",
        "is_verified": false,
        "line_number": 708
      },
      {
        "type": "Base64 High Entropy String",
        "filename": "examples/jupyter/playground.ipynb",
        "hashed_secret": "797a1189478d40a7fa0bdf398af7019b43c0e589",
        "is_verified": false,
        "line_number": 745
      }
    ],
    "examples/jupyter/tutorials/02_workflow_loading_saving.ipynb": [
      {
        "type": "Base64 High Entropy String",
        "filename": "examples/jupyter/tutorials/02_workflow_loading_saving.ipynb",
        "hashed_secret": "9a7247f4296c5fd35443892402cb10cfe60d4349",
        "is_verified": false,
        "line_number": 1412
      },
      {
        "type": "Hex High Entropy String",
        "filename": "examples/jupyter/tutorials/02_workflow_loading_saving.ipynb",
        "hashed_secret": "56761803fb34bf787e98dc070e2b980ff1c6fc98",
        "is_verified": false,
        "line_number": 1682
      }
    ],
    "examples/skill_smoke_5levels.ipynb": [
      {
        "type": "Base64 High Entropy String",
        "filename": "examples/skill_smoke_5levels.ipynb",
        "hashed_secret": "33ad2994fda357a054ad3c86f7d80e7e118b61a1",
        "is_verified": false,
        "line_number": 279,
        "is_secret": false
      },
      {
        "type": "Base64 High Entropy String",
        "filename": "examples/skill_smoke_5levels.ipynb",
        "hashed_secret": "a0b9154159301c47e3f811b9df62d1c4d11506e5",
        "is_verified": false,
        "line_number": 280,
        "is_secret": false
      },
      {
        "type": "Base64 High Entropy String",
        "filename": "examples/skill_smoke_5levels.ipynb",
        "hashed_secret": "c550f80727a039ab8b4eda8e74b98e24639b0719",
        "is_verified": false,
        "line_number": 281,
        "is_secret": false
      },
      {
        "type": "Base64 High Entropy String",
        "filename": "examples/skill_smoke_5levels.ipynb",
        "hashed_secret": "e20ec6746c0d6cf5c3a0767b2de4c6ce4d3a82b9",
        "is_verified": false,
        "line_number": 284,
        "is_secret": false
      },
      {
        "type": "Base64 High Entropy String",
        "filename": "examples/skill_smoke_5levels.ipynb",
        "hashed_secret": "a9e48fb06b963f68a0cba0684bcbf1e6eea2a6b3",
        "is_verified": false,
        "line_number": 285,
        "is_secret": false
      },
      {
        "type": "Base64 High Entropy String",
        "filename": "examples/skill_smoke_5levels.ipynb",
        "hashed_secret": "e1e1c444f8885675e94394ffde65a3978e63b2ff",
        "is_verified": false,
        "line_number": 286,
        "is_secret": false
      },
      {
        "type": "Base64 High Entropy String",
        "filename": "examples/skill_smoke_5levels.ipynb",
        "hashed_secret": "4e7542005ee8d820bbf933933bd8e42fe8098c72",
        "is_verified": false,
        "line_number": 287,
        "is_secret": false
      },
      {
        "type": "Base64 High Entropy String",
        "filename": "examples/skill_smoke_5levels.ipynb",
        "hashed_secret": "b5464a8036f36c1032c03c36d3de7c2d91727ee3",
        "is_verified": false,
        "line_number": 4604,
        "is_secret": false
      },
      {
        "type": "Hex High Entropy String",
        "filename": "examples/skill_smoke_5levels.ipynb",
        "hashed_secret": "0af11d4f56c8180a5a428d12ed887a701c161468",
        "is_verified": false,
        "line_number": 4632,
        "is_secret": false
      }
    ],
    "examples/workflows/06-enterprise/secrets.yaml.example": [
      {
        "type": "Secret Keyword",
        "filename": "examples/workflows/06-enterprise/secrets.yaml.example",
        "hashed_secret": "c50ec5a6db14e2342813d0ebb532b30cb11f847d",
        "is_verified": false,
        "line_number": 4
      }
    ],
    "examples/workflows/09-recursive-delegation/memory/antipatterns/01997d9ace0309eb.md": [
      {
        "type": "Hex High Entropy String",
        "filename": "examples/workflows/09-recursive-delegation/memory/antipatterns/01997d9ace0309eb.md",
        "hashed_secret": "4a71906939116196b2bfa32940af3d1d23689ea4",
        "is_verified": false,
        "line_number": 5,
        "is_secret": false
      }
    ],
    "examples/workflows/09-recursive-delegation/memory/antipatterns/b4f73f14d16e7461.md": [
      {
        "type": "Hex High Entropy String",
        "filename": "examples/workflows/09-recursive-delegation/memory/antipatterns/b4f73f14d16e7461.md",
        "hashed_secret": "a1b6d48aac43ead39eadfea3fba9bf224ed1544a",
        "is_verified": false,
        "line_number": 5,
        "is_secret": false
      }
    ],
    "packages/awp-core/src/awp/cli.py": [
      {
        "type": "Secret Keyword",
        "filename": "packages/awp-core/src/awp/cli.py",
        "hashed_secret": "18558e1ddef8759995401a0801a7e17959c28311",
        "is_verified": false,
        "line_number": 2533
      },
      {
        "type": "Secret Keyword",
        "filename": "packages/awp-core/src/awp/cli.py",
        "hashed_secret": "b743f699d40bc77e0a15aea47532ec920b4766ad",
        "is_verified": false,
        "line_number": 2535
      },
      {
        "type": "Secret Keyword",
        "filename": "packages/awp-core/src/awp/cli.py",
        "hashed_secret": "52403a5d29631ca713b8b43cf5e1a119626e5da9",
        "is_verified": false,
        "line_number": 2536
      },
      {
        "type": "Secret Keyword",
        "filename": "packages/awp-core/src/awp/cli.py",
        "hashed_secret": "a81fc05617d866e99dc4799e6f7a804e646a94f7",
        "is_verified": false,
        "line_number": 2537
      },
      {
        "type": "Secret Keyword",
        "filename": "packages/awp-core/src/awp/cli.py",
        "hashed_secret": "f4bd98f054c8a728948b7ba8bb2e4108406ec786",
        "is_verified": false,
        "line_number": 2538
      },
      {
        "type": "Secret Keyword",
        "filename": "packages/awp-core/src/awp/cli.py",
        "hashed_secret": "be1c373ec75ed6cfa9206385b3fe96f72b67a251",
        "is_verified": false,
        "line_number": 2539
      }
    ],
    "packages/awp-core/tests/test_models.py": [
      {
        "type": "Secret Keyword",
        "filename": "packages/awp-core/tests/test_models.py",
        "hashed_secret": "920f8f5815b381ea692e9e7c2f7119f2b1aa620a",
        "is_verified": false,
        "line_number": 227
      }
    ],
    "packages/awp-runtime/src/awp/data/__init__.py": [
      {
        "type": "Secret Keyword",
        "filename": "packages/awp-runtime/src/awp/data/__init__.py",
        "hashed_secret": "ec3810e10fb78db55ce38b9c18d1c3eb1db739e0",
        "is_verified": false,
        "line_number": 15
      }
    ],
    "packages/awp-runtime/src/awp/runtime/llm.py": [
      {
        "type": "Secret Keyword",
        "filename": "packages/awp-runtime/src/awp/runtime/llm.py",
        "hashed_secret": "8ed4322e8e2790b8c928d381ce8d07cfd966e909",
        "is_verified": false,
        "line_number": 261
      }
    ],
    "packages/awp-runtime/src/awp/runtime/secrets.py": [
      {
        "type": "Secret Keyword",
        "filename": "packages/awp-runtime/src/awp/runtime/secrets.py",
        "hashed_secret": "cba7d8d926ee837cf3f92636a6d1cd0eb397db64",
        "is_verified": false,
        "line_number": 12
      }
    ],
    "packages/awp-runtime/tests/test_delegation_signature_and_inheritance.py": [
      {
        "type": "Secret Keyword",
        "filename": "packages/awp-runtime/tests/test_delegation_signature_and_inheritance.py",
        "hashed_secret": "b60d121b438a380c343d5ec3c2037564b82ffef3",
        "is_verified": false,
        "line_number": 107
      }
    ],
    "packages/awp-runtime/tests/test_inplace_repair.py": [
      {
        "type": "Secret Keyword",
        "filename": "packages/awp-runtime/tests/test_inplace_repair.py",
        "hashed_secret": "1c8c26eed640027179b0dbab832f3932b6954c1d",
        "is_verified": false,
        "line_number": 216,
        "is_secret": false
      }
    ],
    "packages/awp-runtime/tests/test_recursive_delegation_e2e.py": [
      {
        "type": "Secret Keyword",
        "filename": "packages/awp-runtime/tests/test_recursive_delegation_e2e.py",
        "hashed_secret": "8449d6385c321f79ea8ab2eccbde0fb58bfc7668",
        "is_verified": false,
        "line_number": 354
      }
    ],
    "packages/awp-runtime/tests/test_runtime.py": [
      {
        "type": "Secret Keyword",
        "filename": "packages/awp-runtime/tests/test_runtime.py",
        "hashed_secret": "3acfb2c2b433c0ea7ff107e33df91b18e52f960f",
        "is_verified": false,
        "line_number": 45
      },
      {
        "type": "Secret Keyword",
        "filename": "packages/awp-runtime/tests/test_runtime.py",
        "hashed_secret": "8ed4322e8e2790b8c928d381ce8d07cfd966e909",
        "is_verified": false,
        "line_number": 58
      },
      {
        "type": "Secret Keyword",
        "filename": "packages/awp-runtime/tests/test_runtime.py",
        "hashed_secret": "fb0123cbab73d8a58896fbe39b8b7b5b6df15c5e",
        "is_verified": false,
        "line_number": 366
      }
    ],
    "packages/awp-runtime/tests/test_secrets.py": [
      {
        "type": "Secret Keyword",
        "filename": "packages/awp-runtime/tests/test_secrets.py",
        "hashed_secret": "fb0123cbab73d8a58896fbe39b8b7b5b6df15c5e",
        "is_verified": false,
        "line_number": 66
      }
    ],
    "packages/awp-ui/server/services/runner_service.py": [
      {
        "type": "Secret Keyword",
        "filename": "packages/awp-ui/server/services/runner_service.py",
        "hashed_secret": "e774aaeac31c6272107ba89080295e277050fa7c",
        "is_verified": false,
        "line_number": 1516
      }
    ],
    "reference/python/PYPI_README.md": [
      {
        "type": "Secret Keyword",
        "filename": "reference/python/PYPI_README.md",
        "hashed_secret": "96c682c88ed551f22fe76d206c2dfb7df9221ad9",
        "is_verified": false,
        "line_number": 116
      }
    ],
    "reference/python/src/awp/cli.py": [
      {
        "type": "Secret Keyword",
        "filename": "reference/python/src/awp/cli.py",
        "hashed_secret": "18558e1ddef8759995401a0801a7e17959c28311",
        "is_verified": false,
        "line_number": 2514
      },
      {
        "type": "Secret Keyword",
        "filename": "reference/python/src/awp/cli.py",
        "hashed_secret": "b743f699d40bc77e0a15aea47532ec920b4766ad",
        "is_verified": false,
        "line_number": 2516
      },
      {
        "type": "Secret Keyword",
        "filename": "reference/python/src/awp/cli.py",
        "hashed_secret": "52403a5d29631ca713b8b43cf5e1a119626e5da9",
        "is_verified": false,
        "line_number": 2517
      },
      {
        "type": "Secret Keyword",
        "filename": "reference/python/src/awp/cli.py",
        "hashed_secret": "a81fc05617d866e99dc4799e6f7a804e646a94f7",
        "is_verified": false,
        "line_number": 2518
      },
      {
        "type": "Secret Keyword",
        "filename": "reference/python/src/awp/cli.py",
        "hashed_secret": "f4bd98f054c8a728948b7ba8bb2e4108406ec786",
        "is_verified": false,
        "line_number": 2519
      },
      {
        "type": "Secret Keyword",
        "filename": "reference/python/src/awp/cli.py",
        "hashed_secret": "be1c373ec75ed6cfa9206385b3fe96f72b67a251",
        "is_verified": false,
        "line_number": 2520
      }
    ],
    "reference/python/src/awp/data/__init__.py": [
      {
        "type": "Secret Keyword",
        "filename": "reference/python/src/awp/data/__init__.py",
        "hashed_secret": "ec3810e10fb78db55ce38b9c18d1c3eb1db739e0",
        "is_verified": false,
        "line_number": 15
      }
    ],
    "reference/python/src/awp/runtime/llm.py": [
      {
        "type": "Secret Keyword",
        "filename": "reference/python/src/awp/runtime/llm.py",
        "hashed_secret": "8ed4322e8e2790b8c928d381ce8d07cfd966e909",
        "is_verified": false,
        "line_number": 261
      }
    ],
    "reference/python/src/awp/runtime/secrets.py": [
      {
        "type": "Secret Keyword",
        "filename": "reference/python/src/awp/runtime/secrets.py",
        "hashed_secret": "cba7d8d926ee837cf3f92636a6d1cd0eb397db64",
        "is_verified": false,
        "line_number": 12
      }
    ],
    "reference/python/src/server/frontend/dist/assets/index-DW-XGfJm.js": [
      {
        "type": "Base64 High Entropy String",
        "filename": "reference/python/src/server/frontend/dist/assets/index-DW-XGfJm.js",
        "hashed_secret": "4722320724dff6dd592eaf6472c2133471b78f8e",
        "is_verified": false,
        "line_number": 348,
        "is_secret": false
      }
    ],
    "reference/python/src/server/services/runner_service.py": [
      {
        "type": "Secret Keyword",
        "filename": "reference/python/src/server/services/runner_service.py",
        "hashed_secret": "e774aaeac31c6272107ba89080295e277050fa7c",
        "is_verified": false,
        "line_number": 1516
      }
    ],
    "reference/python/tests/test_models.py": [
      {
        "type": "Secret Keyword",
        "filename": "reference/python/tests/test_models.py",
        "hashed_secret": "920f8f5815b381ea692e9e7c2f7119f2b1aa620a",
        "is_verified": false,
        "line_number": 227
      }
    ],
    "reference/python/tests/test_runtime.py": [
      {
        "type": "Secret Keyword",
        "filename": "reference/python/tests/test_runtime.py",
        "hashed_secret": "3acfb2c2b433c0ea7ff107e33df91b18e52f960f",
        "is_verified": false,
        "line_number": 41
      },
      {
        "type": "Secret Keyword",
        "filename": "reference/python/tests/test_runtime.py",
        "hashed_secret": "8ed4322e8e2790b8c928d381ce8d07cfd966e909",
        "is_verified": false,
        "line_number": 54
      },
      {
        "type": "Secret Keyword",
        "filename": "reference/python/tests/test_runtime.py",
        "hashed_secret": "fb0123cbab73d8a58896fbe39b8b7b5b6df15c5e",
        "is_verified": false,
        "line_number": 358
      }
    ],
    "reference/python/tests/test_secrets.py": [
      {
        "type": "Secret Keyword",
        "filename": "reference/python/tests/test_secrets.py",
        "hashed_secret": "fb0123cbab73d8a58896fbe39b8b7b5b6df15c5e",
        "is_verified": false,
        "line_number": 66
      }
    ],
    "skill/SKILL.md": [
      {
        "type": "Secret Keyword",
        "filename": "skill/SKILL.md",
        "hashed_secret": "a219d7693c25cd2d93313512e200ff3eb374d281",
        "is_verified": false,
        "line_number": 1897
      }
    ],
    "spec/versions/1.0/layers/security.md": [
      {
        "type": "Secret Keyword",
        "filename": "spec/versions/1.0/layers/security.md",
        "hashed_secret": "995599ddf2e9b093f8f14b77d71f014004966c1e",
        "is_verified": false,
        "line_number": 224
      },
      {
        "type": "Secret Keyword",
        "filename": "spec/versions/1.0/layers/security.md",
        "hashed_secret": "2a095b4273ac0ff6894b6df42d67203aa1e5f25d",
        "is_verified": false,
        "line_number": 237
      }
    ],
    "spec/versions/1.0/packaging.md": [
      {
        "type": "Hex High Entropy String",
        "filename": "spec/versions/1.0/packaging.md",
        "hashed_secret": "244f421f896bdcdd2784dccf4eaf7c8dfd5189b5",
        "is_verified": false,
        "line_number": 87
      },
      {
        "type": "Hex High Entropy String",
        "filename": "spec/versions/1.0/packaging.md",
        "hashed_secret": "c0174d8dfe9687a8f29297449712d6ba12ed2bc3",
        "is_verified": false,
        "line_number": 96
      },
      {
        "type": "Hex High Entropy String",
        "filename": "spec/versions/1.0/packaging.md",
        "hashed_secret": "81566d02de4870f03eff33a274d13ec8afe2766c",
        "is_verified": false,
        "line_number": 101
      }
    ]
  },
  "generated_at": "2026-04-20T15:27:31Z"
}
